event_number,result,oddF,oddX,oddL,betF,betX,betL,lossF,lossX,lossL,total,uf,ux,ul,pattern
3,L,1.85,3.60,4.40,16900,6600,7750,31250,23650,0,30000,2,2,0,
2,F,1.90,3.30,4.10,13800,6150,6250,0,14050,29300,20000,0,1,1,
1,X,2.00,3.50,4.00,10000,4000,3350,20000,0,13350,10000,1,0,1,