event_number,result,oddF,oddX,oddL,betF,betX,betL,lossF,lossX,lossL,total,uf,ux,ul,pattern
4,F,2.10,3.40,4.20,15250,7650,9100,0,18250,39100,40000,0,4,4,
3,F,1.85,3.60,4.40,14600,5900,6500,0,15250,32100,30000,0,3,3,
2,F,1.90,3.30,4.10,11400,5350,4900,0,12250,25100,20000,0,2,2,
1,F,2.00,3.50,4.00,10000,4000,3350,0,14000,13350,10000,0,1,1,