event_number,result,oddF,oddX,oddL,betF,betX,betL,lossF,lossX,lossL,total,uf,ux,ul,pattern
1,X,2.00,3.50,4.00,10000,4000,3350,20000,0,13350,10000,1,0,1,